// Jest Snapshot v1, https://goo.gl/fbAQLP

exports[`MainScreen renders correctly 1`] = `
<div>
  <section
    class="movie-card"
  >
    <div
      class="movie-card__bg"
    >
      <img
        alt="Bohemian Rhapsody"
        src="img/bg-the-grand-budapest-hotel.jpg"
      />
    </div>
    <h1
      class="visually-hidden"
    >
      WTW
    </h1>
    <header
      class="page-header movie-card__head"
    >
      <div
        class="logo"
      >
        <a
          class="logo__link undefined"
          href="/"
        >
          <span
            class="logo__letter logo__letter--1"
          >
            W
          </span>
          <span
            class="logo__letter logo__letter--2"
          >
            T
          </span>
          <span
            class="logo__letter logo__letter--3"
          >
            W
          </span>
        </a>
      </div>
      <div
        class="user-block"
      >
        <div
          class="user-block__avatar"
        >
          <img
            alt="User avatar"
            data-testid="my-list"
            height="63"
            src="img/avatar.jpg"
            width="63"
          />
        </div>
        <div
          class="user-block"
        >
          <span
            class="movie-card__year"
          >
             
             
          </span>
          <a
            class="user-block__link"
            href="#"
          >
            Log out
          </a>
        </div>
      </div>
    </header>
    <div
      class="movie-card__wrap"
    >
      <div
        class="movie-card__info"
      >
        <div
          class="movie-card__poster"
        >
          <img
            alt="Bohemian Rhapsodyposter"
            height="327"
            src="img/bohemian-rhapsody.jpg"
            width="218"
          />
        </div>
        <div
          class="movie-card__desc"
        >
          <h2
            class="movie-card__title"
          >
            Bohemian Rhapsody
          </h2>
          <p
            class="movie-card__meta"
          >
            <span
              class="movie-card__genre"
            >
              Drama
            </span>
            <span
              class="movie-card__year"
            >
              2014
            </span>
          </p>
          <div
            class="movie-card__buttons"
          >
            <a
              class="btn btn--play movie-card__button"
              href="/player/1"
              type="button"
            >
              <svg
                height="19"
                viewBox="0 0 19 19"
                width="19"
              >
                <use
                  xlink:href="#play-s"
                >
                   
                </use>
              </svg>
              <span>
                Play
              </span>
            </a>
            <button
              class="btn btn--list movie-card__button"
              type="button"
            >
              <svg
                height="20"
                viewBox="0 0 19 20"
                width="19"
              >
                <use
                  xlink:href="#in-list"
                />
              </svg>
              <span>
                My list
              </span>
            </button>
          </div>
        </div>
      </div>
    </div>
  </section>
  <div
    class="page-content"
  >
    <section
      class="catalog"
    >
      <h2
        class="catalog__title visually-hidden"
      >
        Catalog
      </h2>
      <ul
        class="catalog__genres-list"
      >
        <li
          class="catalog__genres-item catalog__genres-item--active"
        >
          <a
            class="catalog__genres-link"
            href="#"
          >
            All genres
          </a>
        </li>
        <li
          class="catalog__genres-item"
        >
          <a
            class="catalog__genres-link"
            href="#"
          >
            Comedy
          </a>
        </li>
        <li
          class="catalog__genres-item"
        >
          <a
            class="catalog__genres-link"
            href="#"
          >
            Drama
          </a>
        </li>
      </ul>
      <div
        class="catalog__movies-list"
        data-testid="film-card-list"
      >
        <article
          class="small-movie-card catalog__movies-card"
        >
          <a
            href="/films/1"
          >
            <div
              class="small-movie-card__image"
            >
              <img
                alt="Bohemian Rhapsody"
                height="175"
                src="img/bohemian-rhapsody.jpg"
                width="280"
              />
            </div>
          </a>
          <h3
            class="small-movie-card__title"
            data-testid="film-card-name"
          >
            <a
              class="small-movie-card__link"
              href="/films/1"
            >
              Bohemian Rhapsody
            </a>
          </h3>
        </article>
        <article
          class="small-movie-card catalog__movies-card"
        >
          <a
            href="/films/2"
          >
            <div
              class="small-movie-card__image"
            >
              <img
                alt="Macbeth"
                height="175"
                src="img/macbeth.jpg"
                width="280"
              />
            </div>
          </a>
          <h3
            class="small-movie-card__title"
            data-testid="film-card-name"
          >
            <a
              class="small-movie-card__link"
              href="/films/2"
            >
              Macbeth
            </a>
          </h3>
        </article>
      </div>
    </section>
    <footer
      class="page-footer"
    >
      <div
        class="logo"
      >
        <a
          class="logo__link logo__link--light"
          data-testid="logo__link--light"
          href="/"
        >
          <span
            class="logo__letter logo__letter--1"
          >
            W
          </span>
          <span
            class="logo__letter logo__letter--2"
          >
            T
          </span>
          <span
            class="logo__letter logo__letter--3"
          >
            W
          </span>
        </a>
      </div>
      <div
        class="copyright"
      >
        <p>
          Â© 2019 What to watch Ltd.
        </p>
      </div>
    </footer>
  </div>
</div>
`;
